Archive member included to satisfy reference by file (symbol)

c:/st/stm32cubeide_1.5.0/stm32cubeide/plugins/com.st.stm32cube.ide.mcu.externaltools.gnu-tools-for-stm32.7-2018-q2-update.win32_1.5.0.202011040924/tools/bin/../lib/gcc/arm-none-eabi/7.3.1/../../../../arm-none-eabi/lib/thumb/v7-m\libc_nano.a(lib_a-errno.o)
                              Core/Src/syscalls.o (__errno)
c:/st/stm32cubeide_1.5.0/stm32cubeide/plugins/com.st.stm32cube.ide.mcu.externaltools.gnu-tools-for-stm32.7-2018-q2-update.win32_1.5.0.202011040924/tools/bin/../lib/gcc/arm-none-eabi/7.3.1/../../../../arm-none-eabi/lib/thumb/v7-m\libc_nano.a(lib_a-exit.o)
                              c:/st/stm32cubeide_1.5.0/stm32cubeide/plugins/com.st.stm32cube.ide.mcu.externaltools.gnu-tools-for-stm32.7-2018-q2-update.win32_1.5.0.202011040924/tools/bin/../lib/gcc/arm-none-eabi/7.3.1/../../../../arm-none-eabi/lib/thumb/v7-m/crt0.o (exit)
c:/st/stm32cubeide_1.5.0/stm32cubeide/plugins/com.st.stm32cube.ide.mcu.externaltools.gnu-tools-for-stm32.7-2018-q2-update.win32_1.5.0.202011040924/tools/bin/../lib/gcc/arm-none-eabi/7.3.1/../../../../arm-none-eabi/lib/thumb/v7-m\libc_nano.a(lib_a-impure.o)
                              c:/st/stm32cubeide_1.5.0/stm32cubeide/plugins/com.st.stm32cube.ide.mcu.externaltools.gnu-tools-for-stm32.7-2018-q2-update.win32_1.5.0.202011040924/tools/bin/../lib/gcc/arm-none-eabi/7.3.1/../../../../arm-none-eabi/lib/thumb/v7-m\libc_nano.a(lib_a-exit.o) (_global_impure_ptr)
c:/st/stm32cubeide_1.5.0/stm32cubeide/plugins/com.st.stm32cube.ide.mcu.externaltools.gnu-tools-for-stm32.7-2018-q2-update.win32_1.5.0.202011040924/tools/bin/../lib/gcc/arm-none-eabi/7.3.1/../../../../arm-none-eabi/lib/thumb/v7-m\libc_nano.a(lib_a-init.o)
                              c:/st/stm32cubeide_1.5.0/stm32cubeide/plugins/com.st.stm32cube.ide.mcu.externaltools.gnu-tools-for-stm32.7-2018-q2-update.win32_1.5.0.202011040924/tools/bin/../lib/gcc/arm-none-eabi/7.3.1/../../../../arm-none-eabi/lib/thumb/v7-m/crt0.o (__libc_init_array)
c:/st/stm32cubeide_1.5.0/stm32cubeide/plugins/com.st.stm32cube.ide.mcu.externaltools.gnu-tools-for-stm32.7-2018-q2-update.win32_1.5.0.202011040924/tools/bin/../lib/gcc/arm-none-eabi/7.3.1/../../../../arm-none-eabi/lib/thumb/v7-m\libc_nano.a(lib_a-memset.o)
                              c:/st/stm32cubeide_1.5.0/stm32cubeide/plugins/com.st.stm32cube.ide.mcu.externaltools.gnu-tools-for-stm32.7-2018-q2-update.win32_1.5.0.202011040924/tools/bin/../lib/gcc/arm-none-eabi/7.3.1/../../../../arm-none-eabi/lib/thumb/v7-m/crt0.o (memset)
c:/st/stm32cubeide_1.5.0/stm32cubeide/plugins/com.st.stm32cube.ide.mcu.externaltools.gnu-tools-for-stm32.7-2018-q2-update.win32_1.5.0.202011040924/tools/bin/../lib/gcc/arm-none-eabi/7.3.1/../../../../arm-none-eabi/lib/thumb/v7-m\libc_nano.a(lib_a-sprintf.o)
                              LCD/LCD_GPIO/lcd_gpio.o (sprintf)
c:/st/stm32cubeide_1.5.0/stm32cubeide/plugins/com.st.stm32cube.ide.mcu.externaltools.gnu-tools-for-stm32.7-2018-q2-update.win32_1.5.0.202011040924/tools/bin/../lib/gcc/arm-none-eabi/7.3.1/../../../../arm-none-eabi/lib/thumb/v7-m\libc_nano.a(lib_a-strlen.o)
                              LCD/LCD_GPIO/lcd_gpio.o (strlen)
c:/st/stm32cubeide_1.5.0/stm32cubeide/plugins/com.st.stm32cube.ide.mcu.externaltools.gnu-tools-for-stm32.7-2018-q2-update.win32_1.5.0.202011040924/tools/bin/../lib/gcc/arm-none-eabi/7.3.1/../../../../arm-none-eabi/lib/thumb/v7-m\libc_nano.a(lib_a-nano-svfprintf.o)
                              c:/st/stm32cubeide_1.5.0/stm32cubeide/plugins/com.st.stm32cube.ide.mcu.externaltools.gnu-tools-for-stm32.7-2018-q2-update.win32_1.5.0.202011040924/tools/bin/../lib/gcc/arm-none-eabi/7.3.1/../../../../arm-none-eabi/lib/thumb/v7-m\libc_nano.a(lib_a-sprintf.o) (_svfprintf_r)
c:/st/stm32cubeide_1.5.0/stm32cubeide/plugins/com.st.stm32cube.ide.mcu.externaltools.gnu-tools-for-stm32.7-2018-q2-update.win32_1.5.0.202011040924/tools/bin/../lib/gcc/arm-none-eabi/7.3.1/../../../../arm-none-eabi/lib/thumb/v7-m\libc_nano.a(lib_a-nano-vfprintf_i.o)
                              c:/st/stm32cubeide_1.5.0/stm32cubeide/plugins/com.st.stm32cube.ide.mcu.externaltools.gnu-tools-for-stm32.7-2018-q2-update.win32_1.5.0.202011040924/tools/bin/../lib/gcc/arm-none-eabi/7.3.1/../../../../arm-none-eabi/lib/thumb/v7-m\libc_nano.a(lib_a-nano-svfprintf.o) (_printf_i)
c:/st/stm32cubeide_1.5.0/stm32cubeide/plugins/com.st.stm32cube.ide.mcu.externaltools.gnu-tools-for-stm32.7-2018-q2-update.win32_1.5.0.202011040924/tools/bin/../lib/gcc/arm-none-eabi/7.3.1/../../../../arm-none-eabi/lib/thumb/v7-m\libc_nano.a(lib_a-memchr-stub.o)
                              c:/st/stm32cubeide_1.5.0/stm32cubeide/plugins/com.st.stm32cube.ide.mcu.externaltools.gnu-tools-for-stm32.7-2018-q2-update.win32_1.5.0.202011040924/tools/bin/../lib/gcc/arm-none-eabi/7.3.1/../../../../arm-none-eabi/lib/thumb/v7-m\libc_nano.a(lib_a-nano-svfprintf.o) (memchr)
[...]
Memory Configuration

Name             Origin             Length             Attributes
RAM              0x0000000020000000 0x0000000000005000 xrw
FLASH            0x0000000008000000 0x0000000000010000 xr
*default*        0x0000000000000000 0xffffffffffffffff

Linker script and memory map

LOAD c:/st/stm32cubeide_1.5.0/stm32cubeide/plugins/com.st.stm32cube.ide.mcu.externaltools.gnu-tools-for-stm32.7-2018-q2-update.win32_1.5.0.202011040924/tools/bin/../lib/gcc/arm-none-eabi/7.3.1/thumb/v7-m/crti.o
LOAD c:/st/stm32cubeide_1.5.0/stm32cubeide/plugins/com.st.stm32cube.ide.mcu.externaltools.gnu-tools-for-stm32.7-2018-q2-update.win32_1.5.0.202011040924/tools/bin/../lib/gcc/arm-none-eabi/7.3.1/thumb/v7-m/crtbegin.o
LOAD c:/st/stm32cubeide_1.5.0/stm32cubeide/plugins/com.st.stm32cube.ide.mcu.externaltools.gnu-tools-for-stm32.7-2018-q2-update.win32_1.5.0.202011040924/tools/bin/../lib/gcc/arm-none-eabi/7.3.1/../../../../arm-none-eabi/lib/thumb/v7-m/crt0.o
LOAD Core/Src/gpio.o
LOAD Core/Src/i2c.o
LOAD Core/Src/main.o
LOAD Core/Src/stm32f1xx_hal_msp.o
LOAD Core/Src/stm32f1xx_it.o
LOAD Core/Src/syscalls.o
LOAD Core/Src/sysmem.o
LOAD Core/Src/system_stm32f1xx.o
LOAD Core/Startup/startup_stm32f103c8tx.o
LOAD Drivers/STM32F1xx_HAL_Driver/Src/stm32f1xx_hal.o
LOAD Drivers/STM32F1xx_HAL_Driver/Src/stm32f1xx_hal_cortex.o
LOAD Drivers/STM32F1xx_HAL_Driver/Src/stm32f1xx_hal_dma.o
LOAD Drivers/STM32F1xx_HAL_Driver/Src/stm32f1xx_hal_exti.o
LOAD Drivers/STM32F1xx_HAL_Driver/Src/stm32f1xx_hal_flash.o
LOAD Drivers/STM32F1xx_HAL_Driver/Src/stm32f1xx_hal_flash_ex.o
LOAD Drivers/STM32F1xx_HAL_Driver/Src/stm32f1xx_hal_gpio.o
LOAD Drivers/STM32F1xx_HAL_Driver/Src/stm32f1xx_hal_gpio_ex.o
LOAD Drivers/STM32F1xx_HAL_Driver/Src/stm32f1xx_hal_i2c.o
LOAD Drivers/STM32F1xx_HAL_Driver/Src/stm32f1xx_hal_pwr.o
LOAD Drivers/STM32F1xx_HAL_Driver/Src/stm32f1xx_hal_rcc.o
LOAD Drivers/STM32F1xx_HAL_Driver/Src/stm32f1xx_hal_rcc_ex.o
LOAD Drivers/STM32F1xx_HAL_Driver/Src/stm32f1xx_hal_tim.o
LOAD Drivers/STM32F1xx_HAL_Driver/Src/stm32f1xx_hal_tim_ex.o
LOAD LCD/LCD/lcd.o
LOAD LCD/LCD_GPIO/lcd_gpio.o
LOAD LCD/LCD_I2C/lcd_i2c.o
START GROUP
LOAD c:/st/stm32cubeide_1.5.0/stm32cubeide/plugins/com.st.stm32cube.ide.mcu.externaltools.gnu-tools-for-stm32.7-2018-q2-update.win32_1.5.0.202011040924/tools/bin/../lib/gcc/arm-none-eabi/7.3.1/../../../../arm-none-eabi/lib/thumb/v7-m\libc_nano.a
LOAD c:/st/stm32cubeide_1.5.0/stm32cubeide/plugins/com.st.stm32cube.ide.mcu.externaltools.gnu-tools-for-stm32.7-2018-q2-update.win32_1.5.0.202011040924/tools/bin/../lib/gcc/arm-none-eabi/7.3.1/../../../../arm-none-eabi/lib/thumb/v7-m\libm.a
END GROUP
START GROUP
LOAD c:/st/stm32cubeide_1.5.0/stm32cubeide/plugins/com.st.stm32cube.ide.mcu.externaltools.gnu-tools-for-stm32.7-2018-q2-update.win32_1.5.0.202011040924/tools/bin/../lib/gcc/arm-none-eabi/7.3.1/thumb/v7-m\libgcc.a
LOAD c:/st/stm32cubeide_1.5.0/stm32cubeide/plugins/com.st.stm32cube.ide.mcu.externaltools.gnu-tools-for-stm32.7-2018-q2-update.win32_1.5.0.202011040924/tools/bin/../lib/gcc/arm-none-eabi/7.3.1/../../../../arm-none-eabi/lib/thumb/v7-m\libc_nano.a
END GROUP
START GROUP
LOAD c:/st/stm32cubeide_1.5.0/stm32cubeide/plugins/com.st.stm32cube.ide.mcu.externaltools.gnu-tools-for-stm32.7-2018-q2-update.win32_1.5.0.202011040924/tools/bin/../lib/gcc/arm-none-eabi/7.3.1/thumb/v7-m\libgcc.a
LOAD c:/st/stm32cubeide_1.5.0/stm32cubeide/plugins/com.st.stm32cube.ide.mcu.externaltools.gnu-tools-for-stm32.7-2018-q2-update.win32_1.5.0.202011040924/tools/bin/../lib/gcc/arm-none-eabi/7.3.1/../../../../arm-none-eabi/lib/thumb/v7-m\libc_nano.a
LOAD c:/st/stm32cubeide_1.5.0/stm32cubeide/plugins/com.st.stm32cube.ide.mcu.externaltools.gnu-tools-for-stm32.7-2018-q2-update.win32_1.5.0.202011040924/tools/bin/../lib/gcc/arm-none-eabi/7.3.1/../../../../arm-none-eabi/lib/thumb/v7-m\libnosys.a
END GROUP
START GROUP
LOAD c:/st/stm32cubeide_1.5.0/stm32cubeide/plugins/com.st.stm32cube.ide.mcu.externaltools.gnu-tools-for-stm32.7-2018-q2-update.win32_1.5.0.202011040924/tools/bin/../lib/gcc/arm-none-eabi/7.3.1/thumb/v7-m\libgcc.a
LOAD c:/st/stm32cubeide_1.5.0/stm32cubeide/plugins/com.st.stm32cube.ide.mcu.externaltools.gnu-tools-for-stm32.7-2018-q2-update.win32_1.5.0.202011040924/tools/bin/../lib/gcc/arm-none-eabi/7.3.1/../../../../arm-none-eabi/lib/thumb/v7-m\libc_nano.a
LOAD c:/st/stm32cubeide_1.5.0/stm32cubeide/plugins/com.st.stm32cube.ide.mcu.externaltools.gnu-tools-for-stm32.7-2018-q2-update.win32_1.5.0.202011040924/tools/bin/../lib/gcc/arm-none-eabi/7.3.1/../../../../arm-none-eabi/lib/thumb/v7-m\libnosys.a
END GROUP
LOAD c:/st/stm32cubeide_1.5.0/stm32cubeide/plugins/com.st.stm32cube.ide.mcu.externaltools.gnu-tools-for-stm32.7-2018-q2-update.win32_1.5.0.202011040924/tools/bin/../lib/gcc/arm-none-eabi/7.3.1/thumb/v7-m/crtend.o
LOAD c:/st/stm32cubeide_1.5.0/stm32cubeide/plugins/com.st.stm32cube.ide.mcu.externaltools.gnu-tools-for-stm32.7-2018-q2-update.win32_1.5.0.202011040924/tools/bin/../lib/gcc/arm-none-eabi/7.3.1/thumb/v7-m/crtn.o
                0x0000000020005000                _estack = (ORIGIN (RAM) + LENGTH (RAM))
                0x0000000000000200                _Min_Heap_Size = 0x200
                0x0000000000000400                _Min_Stack_Size = 0x400

.isr_vector     0x0000000008000000      0x10c
                0x0000000008000000                . = ALIGN (0x4)
 *(.isr_vector)
 .isr_vector    0x0000000008000000      0x10c Core/Startup/startup_stm32f103c8tx.o
                0x0000000008000000                g_pfnVectors
                0x000000000800010c                . = ALIGN (0x4)

.text           0x000000000800010c     0x30b8
                0x000000000800010c                . = ALIGN (0x4)
 *(.text)
 .text          0x000000000800010c       0x40 c:/st/stm32cubeide_1.5.0/stm32cubeide/plugins/com.st.stm32cube.ide.mcu.externaltools.gnu-tools-for-stm32.7-2018-q2-update.win32_1.5.0.202011040924/tools/bin/../lib/gcc/arm-none-eabi/7.3.1/thumb/v7-m/crtbegin.o
 .text          0x000000000800014c       0x10 c:/st/stm32cubeide_1.5.0/stm32cubeide/plugins/com.st.stm32cube.ide.mcu.externaltools.gnu-tools-for-stm32.7-2018-q2-update.win32_1.5.0.202011040924/tools/bin/../lib/gcc/arm-none-eabi/7.3.1/../../../../arm-none-eabi/lib/thumb/v7-m\libc_nano.a(lib_a-strlen.o)
                0x000000000800014c                strlen
 *(.text*)
 .text.MX_GPIO_Init
                0x000000000800015c      0x108 Core/Src/gpio.o
                0x000000000800015c                MX_GPIO_Init
 .text.MX_I2C1_Init
                0x0000000008000264       0x5c Core/Src/i2c.o
                0x0000000008000264                MX_I2C1_Init
 .text.HAL_I2C_MspInit
                0x00000000080002c0       0x7c Core/Src/i2c.o
                0x00000000080002c0                HAL_I2C_MspInit
 .text.main     0x000000000800033c      0x20c Core/Src/main.o
                0x000000000800033c                main
 .text.SystemClock_Config
                0x0000000008000548       0x74 Core/Src/main.o
                0x0000000008000548                SystemClock_Config
 .text.Error_Handler
                0x00000000080005bc        0x8 Core/Src/main.o
                0x00000000080005bc                Error_Handler
 .text.HAL_MspInit
                0x00000000080005c4       0x64 Core/Src/stm32f1xx_hal_msp.o
                0x00000000080005c4                HAL_MspInit
 .text.NMI_Handler
                0x0000000008000628        0x6 Core/Src/stm32f1xx_it.o
                0x0000000008000628                NMI_Handler
 .text.HardFault_Handler
                0x000000000800062e        0x6 Core/Src/stm32f1xx_it.o
                0x000000000800062e                HardFault_Handler
 .text.MemManage_Handler
                0x0000000008000634        0x6 Core/Src/stm32f1xx_it.o
                0x0000000008000634                MemManage_Handler
 .text.BusFault_Handler
                0x000000000800063a        0x6 Core/Src/stm32f1xx_it.o
                0x000000000800063a                BusFault_Handler
 .text.UsageFault_Handler
                0x0000000008000640        0x6 Core/Src/stm32f1xx_it.o
                0x0000000008000640                UsageFault_Handler
 .text.SVC_Handler
                0x0000000008000646        0xc Core/Src/stm32f1xx_it.o
                0x0000000008000646                SVC_Handler
 .text.DebugMon_Handler
                0x0000000008000652        0xc Core/Src/stm32f1xx_it.o
                0x0000000008000652                DebugMon_Handler
 .text.PendSV_Handler
                0x000000000800065e        0xc Core/Src/stm32f1xx_it.o
                0x000000000800065e                PendSV_Handler
 .text.SysTick_Handler
                0x000000000800066a        0xc Core/Src/stm32f1xx_it.o
                0x000000000800066a                SysTick_Handler
 *fill*         0x0000000008000676        0x2 
 .text._sbrk    0x0000000008000678       0x6c Core/Src/sysmem.o
                0x0000000008000678                _sbrk
 .text.SystemInit
                0x00000000080006e4        0xc Core/Src/system_stm32f1xx.o
                0x00000000080006e4                SystemInit
 .text.Reset_Handler
                0x00000000080006f0       0x48 Core/Startup/startup_stm32f103c8tx.o
                0x00000000080006f0                Reset_Handler
 .text.Default_Handler
                0x0000000008000738        0x2 Core/Startup/startup_stm32f103c8tx.o
                0x0000000008000738                RTC_Alarm_IRQHandler
                0x0000000008000738                EXTI2_IRQHandler
                0x0000000008000738                TIM1_CC_IRQHandler
                0x0000000008000738                PVD_IRQHandler
                0x0000000008000738                EXTI3_IRQHandler
                0x0000000008000738                EXTI0_IRQHandler
                0x0000000008000738                I2C2_EV_IRQHandler
                0x0000000008000738                ADC1_2_IRQHandler
                0x0000000008000738                SPI1_IRQHandler
                0x0000000008000738                TAMPER_IRQHandler
                0x0000000008000738                DMA1_Channel4_IRQHandler
                0x0000000008000738                USART3_IRQHandler
                0x0000000008000738                RTC_IRQHandler
                0x0000000008000738                DMA1_Channel7_IRQHandler
                0x0000000008000738                CAN1_RX1_IRQHandler
                0x0000000008000738                TIM4_IRQHandler
                0x0000000008000738                I2C1_EV_IRQHandler
                0x0000000008000738                DMA1_Channel6_IRQHandler
                0x0000000008000738                TIM3_IRQHandler
                0x0000000008000738                RCC_IRQHandler
                0x0000000008000738                TIM1_TRG_COM_IRQHandler
                0x0000000008000738                DMA1_Channel1_IRQHandler
                0x0000000008000738                Default_Handler
                0x0000000008000738                EXTI15_10_IRQHandler
                0x0000000008000738                EXTI9_5_IRQHandler
                0x0000000008000738                SPI2_IRQHandler
                0x0000000008000738                DMA1_Channel5_IRQHandler
                0x0000000008000738                EXTI4_IRQHandler
                0x0000000008000738                USB_LP_CAN1_RX0_IRQHandler
                0x0000000008000738                USB_HP_CAN1_TX_IRQHandler
                0x0000000008000738                DMA1_Channel3_IRQHandler
                0x0000000008000738                TIM1_UP_IRQHandler
                0x0000000008000738                WWDG_IRQHandler
                0x0000000008000738                TIM2_IRQHandler
                0x0000000008000738                TIM1_BRK_IRQHandler
                0x0000000008000738                EXTI1_IRQHandler
                0x0000000008000738                USART2_IRQHandler
                0x0000000008000738                I2C2_ER_IRQHandler
                0x0000000008000738                DMA1_Channel2_IRQHandler
                0x0000000008000738                CAN1_SCE_IRQHandler
                0x0000000008000738                FLASH_IRQHandler
                0x0000000008000738                USART1_IRQHandler
                0x0000000008000738                I2C1_ER_IRQHandler
                0x0000000008000738                USBWakeUp_IRQHandler
 *fill*         0x000000000800073a        0x2 
 .text.HAL_Init
                0x000000000800073c       0x2c Drivers/STM32F1xx_HAL_Driver/Src/stm32f1xx_hal.o
                0x000000000800073c                HAL_Init
 .text.HAL_InitTick
                0x0000000008000768       0x60 Drivers/STM32F1xx_HAL_Driver/Src/stm32f1xx_hal.o
                0x0000000008000768                HAL_InitTick
 .text.HAL_IncTick
                0x00000000080007c8       0x24 Drivers/STM32F1xx_HAL_Driver/Src/stm32f1xx_hal.o
                0x00000000080007c8                HAL_IncTick
 .text.HAL_GetTick
                0x00000000080007ec       0x14 Drivers/STM32F1xx_HAL_Driver/Src/stm32f1xx_hal.o
                0x00000000080007ec                HAL_GetTick
 .text.HAL_Delay
                0x0000000008000800       0x44 Drivers/STM32F1xx_HAL_Driver/Src/stm32f1xx_hal.o
                0x0000000008000800                HAL_Delay
 .text.__NVIC_SetPriorityGrouping
                0x0000000008000844       0x48 Drivers/STM32F1xx_HAL_Driver/Src/stm32f1xx_hal_cortex.o
 .text.__NVIC_GetPriorityGrouping
                0x000000000800088c       0x1c Drivers/STM32F1xx_HAL_Driver/Src/stm32f1xx_hal_cortex.o
 .text.__NVIC_SetPriority
                0x00000000080008a8       0x54 Drivers/STM32F1xx_HAL_Driver/Src/stm32f1xx_hal_cortex.o
 .text.NVIC_EncodePriority
                0x00000000080008fc       0x64 Drivers/STM32F1xx_HAL_Driver/Src/stm32f1xx_hal_cortex.o
 .text.SysTick_Config
                0x0000000008000960       0x44 Drivers/STM32F1xx_HAL_Driver/Src/stm32f1xx_hal_cortex.o
 .text.HAL_NVIC_SetPriorityGrouping
                0x00000000080009a4       0x16 Drivers/STM32F1xx_HAL_Driver/Src/stm32f1xx_hal_cortex.o
                0x00000000080009a4                HAL_NVIC_SetPriorityGrouping
 .text.HAL_NVIC_SetPriority
                0x00000000080009ba       0x38 Drivers/STM32F1xx_HAL_Driver/Src/stm32f1xx_hal_cortex.o
                0x00000000080009ba                HAL_NVIC_SetPriority
 .text.HAL_SYSTICK_Config
                0x00000000080009f2       0x18 Drivers/STM32F1xx_HAL_Driver/Src/stm32f1xx_hal_cortex.o
                0x00000000080009f2                HAL_SYSTICK_Config
 *fill*         0x0000000008000a0a        0x2 
 .text.HAL_GPIO_Init
                0x0000000008000a0c      0x2b4 Drivers/STM32F1xx_HAL_Driver/Src/stm32f1xx_hal_gpio.o
                0x0000000008000a0c                HAL_GPIO_Init
 .text.HAL_GPIO_ReadPin
                0x0000000008000cc0       0x2e Drivers/STM32F1xx_HAL_Driver/Src/stm32f1xx_hal_gpio.o
                0x0000000008000cc0                HAL_GPIO_ReadPin
 .text.HAL_GPIO_WritePin
                0x0000000008000cee       0x30 Drivers/STM32F1xx_HAL_Driver/Src/stm32f1xx_hal_gpio.o
                0x0000000008000cee                HAL_GPIO_WritePin
 .text.HAL_GPIO_TogglePin
                0x0000000008000d1e       0x32 Drivers/STM32F1xx_HAL_Driver/Src/stm32f1xx_hal_gpio.o
                0x0000000008000d1e                HAL_GPIO_TogglePin
 .text.HAL_I2C_Init
                0x0000000008000d50      0x270 Drivers/STM32F1xx_HAL_Driver/Src/stm32f1xx_hal_i2c.o
                0x0000000008000d50                HAL_I2C_Init
 .text.HAL_I2C_Master_Transmit
                0x0000000008000fc0      0x1fc Drivers/STM32F1xx_HAL_Driver/Src/stm32f1xx_hal_i2c.o
                0x0000000008000fc0                HAL_I2C_Master_Transmit
 .text.HAL_I2C_IsDeviceReady
                0x00000000080011bc      0x25c Drivers/STM32F1xx_HAL_Driver/Src/stm32f1xx_hal_i2c.o
                0x00000000080011bc                HAL_I2C_IsDeviceReady
 .text.I2C_MasterRequestWrite
                0x0000000008001418      0x104 Drivers/STM32F1xx_HAL_Driver/Src/stm32f1xx_hal_i2c.o
 .text.I2C_WaitOnFlagUntilTimeout
                0x000000000800151c       0xae Drivers/STM32F1xx_HAL_Driver/Src/stm32f1xx_hal_i2c.o
 .text.I2C_WaitOnMasterAddressFlagUntilTimeout
                0x00000000080015ca       0xfe Drivers/STM32F1xx_HAL_Driver/Src/stm32f1xx_hal_i2c.o
 .text.I2C_WaitOnTXEFlagUntilTimeout
                0x00000000080016c8       0x82 Drivers/STM32F1xx_HAL_Driver/Src/stm32f1xx_hal_i2c.o
 .text.I2C_WaitOnBTFFlagUntilTimeout
                0x000000000800174a       0x82 Drivers/STM32F1xx_HAL_Driver/Src/stm32f1xx_hal_i2c.o
 .text.I2C_IsAcknowledgeFailed
                0x00000000080017cc       0x5c Drivers/STM32F1xx_HAL_Driver/Src/stm32f1xx_hal_i2c.o
 .text.HAL_RCC_OscConfig
                0x0000000008001828      0x500 Drivers/STM32F1xx_HAL_Driver/Src/stm32f1xx_hal_rcc.o
                0x0000000008001828                HAL_RCC_OscConfig
 .text.HAL_RCC_ClockConfig
                0x0000000008001d28      0x1d4 Drivers/STM32F1xx_HAL_Driver/Src/stm32f1xx_hal_rcc.o
                0x0000000008001d28                HAL_RCC_ClockConfig
 .text.HAL_RCC_GetSysClockFreq
                0x0000000008001efc       0xc4 Drivers/STM32F1xx_HAL_Driver/Src/stm32f1xx_hal_rcc.o
                0x0000000008001efc                HAL_RCC_GetSysClockFreq
 .text.HAL_RCC_GetHCLKFreq
                0x0000000008001fc0       0x14 Drivers/STM32F1xx_HAL_Driver/Src/stm32f1xx_hal_rcc.o
                0x0000000008001fc0                HAL_RCC_GetHCLKFreq
 .text.HAL_RCC_GetPCLK1Freq
                0x0000000008001fd4       0x28 Drivers/STM32F1xx_HAL_Driver/Src/stm32f1xx_hal_rcc.o
                0x0000000008001fd4                HAL_RCC_GetPCLK1Freq
 .text.RCC_Delay
                0x0000000008001ffc       0x3c Drivers/STM32F1xx_HAL_Driver/Src/stm32f1xx_hal_rcc.o
 .text.LCD_WriteCommand
                0x0000000008002038       0x20 LCD/LCD/lcd.o
                0x0000000008002038                LCD_WriteCommand
 .text.LCD_Write
                0x0000000008002058       0x20 LCD/LCD/lcd.o
                0x0000000008002058                LCD_Write
 .text.LCD_PrintString
                0x0000000008002078       0x1c LCD/LCD/lcd.o
                0x0000000008002078                LCD_PrintString
 .text.LCD_PrintNumber
                0x0000000008002094       0x22 LCD/LCD/lcd.o
                0x0000000008002094                LCD_PrintNumber
 .text.LCD_PrintChar
                0x00000000080020b6       0x20 LCD/LCD/lcd.o
                0x00000000080020b6                LCD_PrintChar
 .text.LCD_GoTo
                0x00000000080020d6       0x24 LCD/LCD/lcd.o
                0x00000000080020d6                LCD_GoTo
 .text.LCD_DefChar
                0x00000000080020fa       0x22 LCD/LCD/lcd.o
                0x00000000080020fa                LCD_DefChar
 .text.LCD_ReturnHome
                0x000000000800211c       0x18 LCD/LCD/lcd.o
                0x000000000800211c                LCD_ReturnHome
 .text.LCD_Clear
                0x0000000008002134       0x18 LCD/LCD/lcd.o
                0x0000000008002134                LCD_Clear
 .text.LCD_Constructor
                0x000000000800214c       0x1c LCD/LCD/lcd.o
                0x000000000800214c                LCD_Constructor
 .text.LCD_GPIO_PulseEnable
                0x0000000008002168       0x50 LCD/LCD_GPIO/lcd_gpio.o
 .text.LCD_GPIO_Write
                0x00000000080021b8       0x70 LCD/LCD_GPIO/lcd_gpio.o
 .text.LCD_GPIO_CheckBusy
                0x0000000008002228       0xa4 LCD/LCD_GPIO/lcd_gpio.o
 .text.LCD_GPIO_WriteCommand
                0x00000000080022cc       0x50 LCD/LCD_GPIO/lcd_gpio.o
 .text.LCD_GPIO_PrintString
                0x000000000800231c       0x7e LCD/LCD_GPIO/lcd_gpio.o
 *fill*         0x000000000800239a        0x2 
 .text.LCD_GPIO_PrintNumber
                0x000000000800239c       0x70 LCD/LCD_GPIO/lcd_gpio.o
 .text.LCD_GPIO_PrintChar
                0x000000000800240c       0x50 LCD/LCD_GPIO/lcd_gpio.o
 .text.LCD_GPIO_GoTo
                0x000000000800245c       0x40 LCD/LCD_GPIO/lcd_gpio.o
 .text.LCD_GPIO_DefChar
                0x000000000800249c       0x56 LCD/LCD_GPIO/lcd_gpio.o
 .text.LCD_GPIO_ReturnHome
                0x00000000080024f2       0x18 LCD/LCD_GPIO/lcd_gpio.o
 .text.LCD_GPIO_Clear
                0x000000000800250a       0x18 LCD/LCD_GPIO/lcd_gpio.o
 *fill*         0x0000000008002522        0x2 
 .text.LCD_GPIO_Constructor
                0x0000000008002524       0x94 LCD/LCD_GPIO/lcd_gpio.o
                0x0000000008002524                LCD_GPIO_Constructor
 .text.LCD_I2C_WriteCommand
                0x00000000080025b8       0x80 LCD/LCD_I2C/lcd_i2c.o
 .text.LCD_I2C_Write
                0x0000000008002638       0x80 LCD/LCD_I2C/lcd_i2c.o
 .text.LCD_I2C_PrintString
                0x00000000080026b8       0x3c LCD/LCD_I2C/lcd_i2c.o
 .text.LCD_I2C_PrintNumber
                0x00000000080026f4       0x70 LCD/LCD_I2C/lcd_i2c.o
 .text.LCD_I2C_PrintChar
                0x0000000008002764       0x1e LCD/LCD_I2C/lcd_i2c.o
 *fill*         0x0000000008002782        0x2 
 .text.LCD_I2C_GoTo
                0x0000000008002784       0x40 LCD/LCD_I2C/lcd_i2c.o
 .text.LCD_I2C_DefChar
                0x00000000080027c4       0x56 LCD/LCD_I2C/lcd_i2c.o
 .text.LCD_I2C_ReturnHome
                0x000000000800281a       0x18 LCD/LCD_I2C/lcd_i2c.o
 .text.LCD_I2C_Clear
                0x0000000008002832       0x18 LCD/LCD_I2C/lcd_i2c.o
 *fill*         0x000000000800284a        0x2 
 .text.LCD_I2C_Constructor
                0x000000000800284c       0xd8 LCD/LCD_I2C/lcd_i2c.o
                0x000000000800284c                LCD_I2C_Constructor
 .text.__errno  0x0000000008002924        0xc c:/st/stm32cubeide_1.5.0/stm32cubeide/plugins/com.st.stm32cube.ide.mcu.externaltools.gnu-tools-for-stm32.7-2018-q2-update.win32_1.5.0.202011040924/tools/bin/../lib/gcc/arm-none-eabi/7.3.1/../../../../arm-none-eabi/lib/thumb/v7-m\libc_nano.a(lib_a-errno.o)
                0x0000000008002924                __errno
 .text.__libc_init_array
                0x0000000008002930       0x48 c:/st/stm32cubeide_1.5.0/stm32cubeide/plugins/com.st.stm32cube.ide.mcu.externaltools.gnu-tools-for-stm32.7-2018-q2-update.win32_1.5.0.202011040924/tools/bin/../lib/gcc/arm-none-eabi/7.3.1/../../../../arm-none-eabi/lib/thumb/v7-m\libc_nano.a(lib_a-init.o)
                0x0000000008002930                __libc_init_array
 .text.memset   0x0000000008002978       0x10 c:/st/stm32cubeide_1.5.0/stm32cubeide/plugins/com.st.stm32cube.ide.mcu.externaltools.gnu-tools-for-stm32.7-2018-q2-update.win32_1.5.0.202011040924/tools/bin/../lib/gcc/arm-none-eabi/7.3.1/../../../../arm-none-eabi/lib/thumb/v7-m\libc_nano.a(lib_a-memset.o)
                0x0000000008002978                memset
 .text.sprintf  0x0000000008002988       0x40 c:/st/stm32cubeide_1.5.0/stm32cubeide/plugins/com.st.stm32cube.ide.mcu.externaltools.gnu-tools-for-stm32.7-2018-q2-update.win32_1.5.0.202011040924/tools/bin/../lib/gcc/arm-none-eabi/7.3.1/../../../../arm-none-eabi/lib/thumb/v7-m\libc_nano.a(lib_a-sprintf.o)
                0x0000000008002988                siprintf
                0x0000000008002988                sprintf
 .text.__ssputs_r
                0x00000000080029c8       0xb4 c:/st/stm32cubeide_1.5.0/stm32cubeide/plugins/com.st.stm32cube.ide.mcu.externaltools.gnu-tools-for-stm32.7-2018-q2-update.win32_1.5.0.202011040924/tools/bin/../lib/gcc/arm-none-eabi/7.3.1/../../../../arm-none-eabi/lib/thumb/v7-m\libc_nano.a(lib_a-nano-svfprintf.o)
                0x00000000080029c8                __ssputs_r
 .text._svfprintf_r
                0x0000000008002a7c      0x1f0 c:/st/stm32cubeide_1.5.0/stm32cubeide/plugins/com.st.stm32cube.ide.mcu.externaltools.gnu-tools-for-stm32.7-2018-q2-update.win32_1.5.0.202011040924/tools/bin/../lib/gcc/arm-none-eabi/7.3.1/../../../../arm-none-eabi/lib/thumb/v7-m\libc_nano.a(lib_a-nano-svfprintf.o)
                0x0000000008002a7c                _svfiprintf_r
                0x0000000008002a7c                _svfprintf_r
 .text._printf_common
                0x0000000008002c6c       0xec c:/st/stm32cubeide_1.5.0/stm32cubeide/plugins/com.st.stm32cube.ide.mcu.externaltools.gnu-tools-for-stm32.7-2018-q2-update.win32_1.5.0.202011040924/tools/bin/../lib/gcc/arm-none-eabi/7.3.1/../../../../arm-none-eabi/lib/thumb/v7-m\libc_nano.a(lib_a-nano-vfprintf_i.o)
                0x0000000008002c6c                _printf_common
 .text._printf_i
                0x0000000008002d58      0x224 c:/st/stm32cubeide_1.5.0/stm32cubeide/plugins/com.st.stm32cube.ide.mcu.externaltools.gnu-tools-for-stm32.7-2018-q2-update.win32_1.5.0.202011040924/tools/bin/../lib/gcc/arm-none-eabi/7.3.1/../../../../arm-none-eabi/lib/thumb/v7-m\libc_nano.a(lib_a-nano-vfprintf_i.o)
                0x0000000008002d58                _printf_i
 .text.memchr   0x0000000008002f7c       0x1c c:/st/stm32cubeide_1.5.0/stm32cubeide/plugins/com.st.stm32cube.ide.mcu.externaltools.gnu-tools-for-stm32.7-2018-q2-update.win32_1.5.0.202011040924/tools/bin/../lib/gcc/arm-none-eabi/7.3.1/../../../../arm-none-eabi/lib/thumb/v7-m\libc_nano.a(lib_a-memchr-stub.o)
                0x0000000008002f7c                memchr
 .text.memcpy   0x0000000008002f98       0x16 c:/st/stm32cubeide_1.5.0/stm32cubeide/plugins/com.st.stm32cube.ide.mcu.externaltools.gnu-tools-for-stm32.7-2018-q2-update.win32_1.5.0.202011040924/tools/bin/../lib/gcc/arm-none-eabi/7.3.1/../../../../arm-none-eabi/lib/thumb/v7-m\libc_nano.a(lib_a-memcpy-stub.o)
                0x0000000008002f98                memcpy
 .text.memmove  0x0000000008002fae       0x32 c:/st/stm32cubeide_1.5.0/stm32cubeide/plugins/com.st.stm32cube.ide.mcu.externaltools.gnu-tools-for-stm32.7-2018-q2-update.win32_1.5.0.202011040924/tools/bin/../lib/gcc/arm-none-eabi/7.3.1/../../../../arm-none-eabi/lib/thumb/v7-m\libc_nano.a(lib_a-memmove.o)
                0x0000000008002fae                memmove
 .text._free_r  0x0000000008002fe0       0x98 c:/st/stm32cubeide_1.5.0/stm32cubeide/plugins/com.st.stm32cube.ide.mcu.externaltools.gnu-tools-for-stm32.7-2018-q2-update.win32_1.5.0.202011040924/tools/bin/../lib/gcc/arm-none-eabi/7.3.1/../../../../arm-none-eabi/lib/thumb/v7-m\libc_nano.a(lib_a-nano-freer.o)
                0x0000000008002fe0                _free_r
 .text._malloc_r
                0x0000000008003078       0xb4 c:/st/stm32cubeide_1.5.0/stm32cubeide/plugins/com.st.stm32cube.ide.mcu.externaltools.gnu-tools-for-stm32.7-2018-q2-update.win32_1.5.0.202011040924/tools/bin/../lib/gcc/arm-none-eabi/7.3.1/../../../../arm-none-eabi/lib/thumb/v7-m\libc_nano.a(lib_a-nano-mallocr.o)
                0x0000000008003078                _malloc_r
 .text._realloc_r
                0x000000000800312c       0x4c c:/st/stm32cubeide_1.5.0/stm32cubeide/plugins/com.st.stm32cube.ide.mcu.externaltools.gnu-tools-for-stm32.7-2018-q2-update.win32_1.5.0.202011040924/tools/bin/../lib/gcc/arm-none-eabi/7.3.1/../../../../arm-none-eabi/lib/thumb/v7-m\libc_nano.a(lib_a-nano-reallocr.o)
                0x000000000800312c                _realloc_r
 .text._sbrk_r  0x0000000008003178       0x20 c:/st/stm32cubeide_1.5.0/stm32cubeide/plugins/com.st.stm32cube.ide.mcu.externaltools.gnu-tools-for-stm32.7-2018-q2-update.win32_1.5.0.202011040924/tools/bin/../lib/gcc/arm-none-eabi/7.3.1/../../../../arm-none-eabi/lib/thumb/v7-m\libc_nano.a(lib_a-sbrkr.o)
                0x0000000008003178                _sbrk_r
 .text.__malloc_lock
                0x0000000008003198        0x2 c:/st/stm32cubeide_1.5.0/stm32cubeide/plugins/com.st.stm32cube.ide.mcu.externaltools.gnu-tools-for-stm32.7-2018-q2-update.win32_1.5.0.202011040924/tools/bin/../lib/gcc/arm-none-eabi/7.3.1/../../../../arm-none-eabi/lib/thumb/v7-m\libc_nano.a(lib_a-mlock.o)
                0x0000000008003198                __malloc_lock
 .text.__malloc_unlock
                0x000000000800319a        0x2 c:/st/stm32cubeide_1.5.0/stm32cubeide/plugins/com.st.stm32cube.ide.mcu.externaltools.gnu-tools-for-stm32.7-2018-q2-update.win32_1.5.0.202011040924/tools/bin/../lib/gcc/arm-none-eabi/7.3.1/../../../../arm-none-eabi/lib/thumb/v7-m\libc_nano.a(lib_a-mlock.o)
                0x000000000800319a                __malloc_unlock
 .text._malloc_usable_size_r
                0x000000000800319c       0x10 c:/st/stm32cubeide_1.5.0/stm32cubeide/plugins/com.st.stm32cube.ide.mcu.externaltools.gnu-tools-for-stm32.7-2018-q2-update.win32_1.5.0.202011040924/tools/bin/../lib/gcc/arm-none-eabi/7.3.1/../../../../arm-none-eabi/lib/thumb/v7-m\libc_nano.a(lib_a-nano-msizer.o)
                0x000000000800319c                _malloc_usable_size_r
 *(.glue_7)
 .glue_7        0x00000000080031ac        0x0 linker stubs
 *(.glue_7t)
 .glue_7t       0x00000000080031ac        0x0 linker stubs
 *(.eh_frame)
 .eh_frame      0x00000000080031ac        0x0 c:/st/stm32cubeide_1.5.0/stm32cubeide/plugins/com.st.stm32cube.ide.mcu.externaltools.gnu-tools-for-stm32.7-2018-q2-update.win32_1.5.0.202011040924/tools/bin/../lib/gcc/arm-none-eabi/7.3.1/thumb/v7-m/crtbegin.o
 *(.init)
 .init          0x00000000080031ac        0x4 c:/st/stm32cubeide_1.5.0/stm32cubeide/plugins/com.st.stm32cube.ide.mcu.externaltools.gnu-tools-for-stm32.7-2018-q2-update.win32_1.5.0.202011040924/tools/bin/../lib/gcc/arm-none-eabi/7.3.1/thumb/v7-m/crti.o
                0x00000000080031ac                _init
 .init          0x00000000080031b0        0x8 c:/st/stm32cubeide_1.5.0/stm32cubeide/plugins/com.st.stm32cube.ide.mcu.externaltools.gnu-tools-for-stm32.7-2018-q2-update.win32_1.5.0.202011040924/tools/bin/../lib/gcc/arm-none-eabi/7.3.1/thumb/v7-m/crtn.o
 *(.fini)
 .fini          0x00000000080031b8        0x4 c:/st/stm32cubeide_1.5.0/stm32cubeide/plugins/com.st.stm32cube.ide.mcu.externaltools.gnu-tools-for-stm32.7-2018-q2-update.win32_1.5.0.202011040924/tools/bin/../lib/gcc/arm-none-eabi/7.3.1/thumb/v7-m/crti.o
                0x00000000080031b8                _fini
 .fini          0x00000000080031bc        0x8 c:/st/stm32cubeide_1.5.0/stm32cubeide/plugins/com.st.stm32cube.ide.mcu.externaltools.gnu-tools-for-stm32.7-2018-q2-update.win32_1.5.0.202011040924/tools/bin/../lib/gcc/arm-none-eabi/7.3.1/thumb/v7-m/crtn.o
                0x00000000080031c4                . = ALIGN (0x4)
                0x00000000080031c4                _etext = .

.vfp11_veneer   0x00000000080031c4        0x0
 .vfp11_veneer  0x00000000080031c4        0x0 linker stubs

.v4_bx          0x00000000080031c4        0x0
 .v4_bx         0x00000000080031c4        0x0 linker stubs

.iplt           0x00000000080031c4        0x0
 .iplt          0x00000000080031c4        0x0 c:/st/stm32cubeide_1.5.0/stm32cubeide/plugins/com.st.stm32cube.ide.mcu.externaltools.gnu-tools-for-stm32.7-2018-q2-update.win32_1.5.0.202011040924/tools/bin/../lib/gcc/arm-none-eabi/7.3.1/thumb/v7-m/crtbegin.o

.rodata         0x00000000080031c4      0x13c
                0x00000000080031c4                . = ALIGN (0x4)
 *(.rodata)
 .rodata        0x00000000080031c4       0x50 Core/Src/main.o
 .rodata        0x0000000008003214       0x12 Drivers/STM32F1xx_HAL_Driver/Src/stm32f1xx_hal_rcc.o
 *fill*         0x0000000008003226        0x2 
 .rodata        0x0000000008003228       0x10 LCD/LCD_GPIO/lcd_gpio.o
 .rodata        0x0000000008003238       0x10 LCD/LCD_I2C/lcd_i2c.o
 *(.rodata*)
 .rodata.AHBPrescTable
                0x0000000008003248       0x10 Core/Src/system_stm32f1xx.o
                0x0000000008003248                AHBPrescTable
 .rodata.APBPrescTable
                0x0000000008003258        0x8 Core/Src/system_stm32f1xx.o
                0x0000000008003258                APBPrescTable
 .rodata.vtbl.5731
                0x0000000008003260       0x24 LCD/LCD/lcd.o
 .rodata.vtbl.7415
                0x0000000008003284       0x24 LCD/LCD_GPIO/lcd_gpio.o
 .rodata.vtbl.7385
                0x00000000080032a8       0x24 LCD/LCD_I2C/lcd_i2c.o
 .rodata._svfprintf_r.str1.1
                0x00000000080032cc       0x11 c:/st/stm32cubeide_1.5.0/stm32cubeide/plugins/com.st.stm32cube.ide.mcu.externaltools.gnu-tools-for-stm32.7-2018-q2-update.win32_1.5.0.202011040924/tools/bin/../lib/gcc/arm-none-eabi/7.3.1/../../../../arm-none-eabi/lib/thumb/v7-m\libc_nano.a(lib_a-nano-svfprintf.o)
 .rodata._printf_i.str1.1
                0x00000000080032dd       0x22 c:/st/stm32cubeide_1.5.0/stm32cubeide/plugins/com.st.stm32cube.ide.mcu.externaltools.gnu-tools-for-stm32.7-2018-q2-update.win32_1.5.0.202011040924/tools/bin/../lib/gcc/arm-none-eabi/7.3.1/../../../../arm-none-eabi/lib/thumb/v7-m\libc_nano.a(lib_a-nano-vfprintf_i.o)
                0x0000000008003300                . = ALIGN (0x4)
 *fill*         0x00000000080032ff        0x1 

.rel.dyn        0x0000000008003300        0x0
 .rel.iplt      0x0000000008003300        0x0 c:/st/stm32cubeide_1.5.0/stm32cubeide/plugins/com.st.stm32cube.ide.mcu.externaltools.gnu-tools-for-stm32.7-2018-q2-update.win32_1.5.0.202011040924/tools/bin/../lib/gcc/arm-none-eabi/7.3.1/thumb/v7-m/crtbegin.o

.ARM.extab      0x0000000008003300        0x0
                0x0000000008003300                . = ALIGN (0x4)
 *(.ARM.extab* .gnu.linkonce.armextab.*)
                0x0000000008003300                . = ALIGN (0x4)

.ARM            0x0000000008003300        0x0
                0x0000000008003300                . = ALIGN (0x4)
                0x0000000008003300                __exidx_start = .
 *(.ARM.exidx*)
                0x0000000008003300                __exidx_end = .
                0x0000000008003300                . = ALIGN (0x4)

.preinit_array  0x0000000008003300        0x0
                0x0000000008003300                . = ALIGN (0x4)
                0x0000000008003300                PROVIDE (__preinit_array_start = .)
 *(.preinit_array*)
                0x0000000008003300                PROVIDE (__preinit_array_end = .)
                0x0000000008003300                . = ALIGN (0x4)

.init_array     0x0000000008003300        0x4
                0x0000000008003300                . = ALIGN (0x4)
                0x0000000008003300                PROVIDE (__init_array_start = .)
 *(SORT_BY_NAME(.init_array.*))
 *(.init_array*)
 .init_array    0x0000000008003300        0x4 c:/st/stm32cubeide_1.5.0/stm32cubeide/plugins/com.st.stm32cube.ide.mcu.externaltools.gnu-tools-for-stm32.7-2018-q2-update.win32_1.5.0.202011040924/tools/bin/../lib/gcc/arm-none-eabi/7.3.1/thumb/v7-m/crtbegin.o
                0x0000000008003304                PROVIDE (__init_array_end = .)
                0x0000000008003304                . = ALIGN (0x4)

.fini_array     0x0000000008003304        0x4
                0x0000000008003304                . = ALIGN (0x4)
                [!provide]                        PROVIDE (__fini_array_start = .)
 *(SORT_BY_NAME(.fini_array.*))
 *(.fini_array*)
 .fini_array    0x0000000008003304        0x4 c:/st/stm32cubeide_1.5.0/stm32cubeide/plugins/com.st.stm32cube.ide.mcu.externaltools.gnu-tools-for-stm32.7-2018-q2-update.win32_1.5.0.202011040924/tools/bin/../lib/gcc/arm-none-eabi/7.3.1/thumb/v7-m/crtbegin.o
                [!provide]                        PROVIDE (__fini_array_end = .)
                0x0000000008003308                . = ALIGN (0x4)
                0x0000000008003308                _sidata = LOADADDR (.data)

.data           0x0000000020000000       0x70 load address 0x0000000008003308
                0x0000000020000000                . = ALIGN (0x4)
                0x0000000020000000                _sdata = .
 *(.data)
 *(.data*)
 .data.SystemCoreClock
                0x0000000020000000        0x4 Core/Src/system_stm32f1xx.o
                0x0000000020000000                SystemCoreClock
 .data.uwTickPrio
                0x0000000020000004        0x4 Drivers/STM32F1xx_HAL_Driver/Src/stm32f1xx_hal.o
                0x0000000020000004                uwTickPrio
 .data.uwTickFreq
                0x0000000020000008        0x1 Drivers/STM32F1xx_HAL_Driver/Src/stm32f1xx_hal.o
                0x0000000020000008                uwTickFreq
 *fill*         0x0000000020000009        0x3 
 .data._impure_ptr
                0x000000002000000c        0x4 c:/st/stm32cubeide_1.5.0/stm32cubeide/plugins/com.st.stm32cube.ide.mcu.externaltools.gnu-tools-for-stm32.7-2018-q2-update.win32_1.5.0.202011040924/tools/bin/../lib/gcc/arm-none-eabi/7.3.1/../../../../arm-none-eabi/lib/thumb/v7-m\libc_nano.a(lib_a-impure.o)
                0x000000002000000c                _impure_ptr
 .data.impure_data
                0x0000000020000010       0x60 c:/st/stm32cubeide_1.5.0/stm32cubeide/plugins/com.st.stm32cube.ide.mcu.externaltools.gnu-tools-for-stm32.7-2018-q2-update.win32_1.5.0.202011040924/tools/bin/../lib/gcc/arm-none-eabi/7.3.1/../../../../arm-none-eabi/lib/thumb/v7-m\libc_nano.a(lib_a-impure.o)
 *(.RamFunc)
 *(.RamFunc*)
                0x0000000020000070                . = ALIGN (0x4)
                0x0000000020000070                _edata = .

.igot.plt       0x0000000020000070        0x0 load address 0x0000000008003378
 .igot.plt      0x0000000020000070        0x0 c:/st/stm32cubeide_1.5.0/stm32cubeide/plugins/com.st.stm32cube.ide.mcu.externaltools.gnu-tools-for-stm32.7-2018-q2-update.win32_1.5.0.202011040924/tools/bin/../lib/gcc/arm-none-eabi/7.3.1/thumb/v7-m/crtbegin.o
                0x0000000020000070                . = ALIGN (0x4)

.bss            0x0000000020000070       0x84 load address 0x0000000008003378
                0x0000000020000070                _sbss = .
                0x0000000020000070                __bss_start__ = _sbss
 *(.bss)
 .bss           0x0000000020000070       0x1c c:/st/stm32cubeide_1.5.0/stm32cubeide/plugins/com.st.stm32cube.ide.mcu.externaltools.gnu-tools-for-stm32.7-2018-q2-update.win32_1.5.0.202011040924/tools/bin/../lib/gcc/arm-none-eabi/7.3.1/thumb/v7-m/crtbegin.o
 *(.bss*)
 .bss.__sbrk_heap_end
                0x000000002000008c        0x4 Core/Src/sysmem.o
 .bss.__malloc_free_list
                0x0000000020000090        0x4 c:/st/stm32cubeide_1.5.0/stm32cubeide/plugins/com.st.stm32cube.ide.mcu.externaltools.gnu-tools-for-stm32.7-2018-q2-update.win32_1.5.0.202011040924/tools/bin/../lib/gcc/arm-none-eabi/7.3.1/../../../../arm-none-eabi/lib/thumb/v7-m\libc_nano.a(lib_a-nano-mallocr.o)
                0x0000000020000090                __malloc_free_list
 .bss.__malloc_sbrk_start
                0x0000000020000094        0x4 c:/st/stm32cubeide_1.5.0/stm32cubeide/plugins/com.st.stm32cube.ide.mcu.externaltools.gnu-tools-for-stm32.7-2018-q2-update.win32_1.5.0.202011040924/tools/bin/../lib/gcc/arm-none-eabi/7.3.1/../../../../arm-none-eabi/lib/thumb/v7-m\libc_nano.a(lib_a-nano-mallocr.o)
                0x0000000020000094                __malloc_sbrk_start
 *(COMMON)
 COMMON         0x0000000020000098       0x54 Core/Src/i2c.o
                0x0000000020000098                hi2c1
 COMMON         0x00000000200000ec        0x4 Drivers/STM32F1xx_HAL_Driver/Src/stm32f1xx_hal.o
                0x00000000200000ec                uwTick
 COMMON         0x00000000200000f0        0x4 c:/st/stm32cubeide_1.5.0/stm32cubeide/plugins/com.st.stm32cube.ide.mcu.externaltools.gnu-tools-for-stm32.7-2018-q2-update.win32_1.5.0.202011040924/tools/bin/../lib/gcc/arm-none-eabi/7.3.1/../../../../arm-none-eabi/lib/thumb/v7-m\libc_nano.a(lib_a-reent.o)
                0x00000000200000f0                errno
                0x00000000200000f4                . = ALIGN (0x4)
                0x00000000200000f4                _ebss = .
                0x00000000200000f4                __bss_end__ = _ebss

._user_heap_stack
                0x00000000200000f4      0x604 load address 0x0000000008003378
                0x00000000200000f8                . = ALIGN (0x8)
 *fill*         0x00000000200000f4        0x4 
                [!provide]                        PROVIDE (end = .)
                0x00000000200000f8                PROVIDE (_end = .)
                0x00000000200002f8                . = (. + _Min_Heap_Size)
 *fill*         0x00000000200000f8      0x200 
                0x00000000200006f8                . = (. + _Min_Stack_Size)
 *fill*         0x00000000200002f8      0x400 
                0x00000000200006f8                . = ALIGN (0x8)

/DISCARD/
 libc.a(*)
 libm.a(*)
 libgcc.a(*)

.ARM.attributes
                0x0000000000000000       0x29
 *(.ARM.attributes)
 .ARM.attributes
                0x0000000000000000       0x1d c:/st/stm32cubeide_1.5.0/stm32cubeide/plugins/com.st.stm32cube.ide.mcu.externaltools.gnu-tools-for-stm32.7-2018-q2-update.win32_1.5.0.202011040924/tools/bin/../lib/gcc/arm-none-eabi/7.3.1/thumb/v7-m/crti.o
 .ARM.attributes
                0x000000000000001d       0x2d c:/st/stm32cubeide_1.5.0/stm32cubeide/plugins/com.st.stm32cube.ide.mcu.externaltools.gnu-tools-for-stm32.7-2018-q2-update.win32_1.5.0.202011040924/tools/bin/../lib/gcc/arm-none-eabi/7.3.1/thumb/v7-m/crtbegin.o
 .ARM.attributes
                0x000000000000004a       0x33 Core/Src/gpio.o
 .ARM.attributes
                0x000000000000007d       0x33 Core/Src/i2c.o
 .ARM.attributes
                0x00000000000000b0       0x33 Core/Src/main.o
 .ARM.attributes
                0x00000000000000e3       0x33 Core/Src/stm32f1xx_hal_msp.o
 .ARM.attributes
                0x0000000000000116       0x33 Core/Src/stm32f1xx_it.o
 .ARM.attributes
                0x0000000000000149       0x33 Core/Src/sysmem.o
 .ARM.attributes
                0x000000000000017c       0x33 Core/Src/system_stm32f1xx.o
 .ARM.attributes
                0x00000000000001af       0x21 Core/Startup/startup_stm32f103c8tx.o
 .ARM.attributes
                0x00000000000001d0       0x33 Drivers/STM32F1xx_HAL_Driver/Src/stm32f1xx_hal.o
 .ARM.attributes
                0x0000000000000203       0x33 Drivers/STM32F1xx_HAL_Driver/Src/stm32f1xx_hal_cortex.o
 .ARM.attributes
                0x0000000000000236       0x33 Drivers/STM32F1xx_HAL_Driver/Src/stm32f1xx_hal_gpio.o
 .ARM.attributes
                0x0000000000000269       0x33 Drivers/STM32F1xx_HAL_Driver/Src/stm32f1xx_hal_i2c.o
 .ARM.attributes
                0x000000000000029c       0x33 Drivers/STM32F1xx_HAL_Driver/Src/stm32f1xx_hal_rcc.o
 .ARM.attributes
                0x00000000000002cf       0x33 LCD/LCD/lcd.o
 .ARM.attributes
                0x0000000000000302       0x33 LCD/LCD_GPIO/lcd_gpio.o
 .ARM.attributes
                0x0000000000000335       0x33 LCD/LCD_I2C/lcd_i2c.o
 .ARM.attributes
                0x0000000000000368       0x2d c:/st/stm32cubeide_1.5.0/stm32cubeide/plugins/com.st.stm32cube.ide.mcu.externaltools.gnu-tools-for-stm32.7-2018-q2-update.win32_1.5.0.202011040924/tools/bin/../lib/gcc/arm-none-eabi/7.3.1/../../../../arm-none-eabi/lib/thumb/v7-m\libc_nano.a(lib_a-errno.o)
 .ARM.attributes
                0x0000000000000395       0x2d c:/st/stm32cubeide_1.5.0/stm32cubeide/plugins/com.st.stm32cube.ide.mcu.externaltools.gnu-tools-for-stm32.7-2018-q2-update.win32_1.5.0.202011040924/tools/bin/../lib/gcc/arm-none-eabi/7.3.1/../../../../arm-none-eabi/lib/thumb/v7-m\libc_nano.a(lib_a-impure.o)
 .ARM.attributes
                0x00000000000003c2       0x2d c:/st/stm32cubeide_1.5.0/stm32cubeide/plugins/com.st.stm32cube.ide.mcu.externaltools.gnu-tools-for-stm32.7-2018-q2-update.win32_1.5.0.202011040924/tools/bin/../lib/gcc/arm-none-eabi/7.3.1/../../../../arm-none-eabi/lib/thumb/v7-m\libc_nano.a(lib_a-init.o)
 .ARM.attributes
                0x00000000000003ef       0x2d c:/st/stm32cubeide_1.5.0/stm32cubeide/plugins/com.st.stm32cube.ide.mcu.externaltools.gnu-tools-for-stm32.7-2018-q2-update.win32_1.5.0.202011040924/tools/bin/../lib/gcc/arm-none-eabi/7.3.1/../../../../arm-none-eabi/lib/thumb/v7-m\libc_nano.a(lib_a-memset.o)
 .ARM.attributes
                0x000000000000041c       0x2d c:/st/stm32cubeide_1.5.0/stm32cubeide/plugins/com.st.stm32cube.ide.mcu.externaltools.gnu-tools-for-stm32.7-2018-q2-update.win32_1.5.0.202011040924/tools/bin/../lib/gcc/arm-none-eabi/7.3.1/../../../../arm-none-eabi/lib/thumb/v7-m\libc_nano.a(lib_a-sprintf.o)
 .ARM.attributes
                0x0000000000000449       0x17 c:/st/stm32cubeide_1.5.0/stm32cubeide/plugins/com.st.stm32cube.ide.mcu.externaltools.gnu-tools-for-stm32.7-2018-q2-update.win32_1.5.0.202011040924/tools/bin/../lib/gcc/arm-none-eabi/7.3.1/../../../../arm-none-eabi/lib/thumb/v7-m\libc_nano.a(lib_a-strlen.o)
 .ARM.attributes
                0x0000000000000460       0x2d c:/st/stm32cubeide_1.5.0/stm32cubeide/plugins/com.st.stm32cube.ide.mcu.externaltools.gnu-tools-for-stm32.7-2018-q2-update.win32_1.5.0.202011040924/tools/bin/../lib/gcc/arm-none-eabi/7.3.1/../../../../arm-none-eabi/lib/thumb/v7-m\libc_nano.a(lib_a-nano-svfprintf.o)
 .ARM.attributes
                0x000000000000048d       0x2d c:/st/stm32cubeide_1.5.0/stm32cubeide/plugins/com.st.stm32cube.ide.mcu.externaltools.gnu-tools-for-stm32.7-2018-q2-update.win32_1.5.0.202011040924/tools/bin/../lib/gcc/arm-none-eabi/7.3.1/../../../../arm-none-eabi/lib/thumb/v7-m\libc_nano.a(lib_a-nano-vfprintf_i.o)
 .ARM.attributes
                0x00000000000004ba       0x2d c:/st/stm32cubeide_1.5.0/stm32cubeide/plugins/com.st.stm32cube.ide.mcu.externaltools.gnu-tools-for-stm32.7-2018-q2-update.win32_1.5.0.202011040924/tools/bin/../lib/gcc/arm-none-eabi/7.3.1/../../../../arm-none-eabi/lib/thumb/v7-m\libc_nano.a(lib_a-memchr-stub.o)
 .ARM.attributes
                0x00000000000004e7       0x2d c:/st/stm32cubeide_1.5.0/stm32cubeide/plugins/com.st.stm32cube.ide.mcu.externaltools.gnu-tools-for-stm32.7-2018-q2-update.win32_1.5.0.202011040924/tools/bin/../lib/gcc/arm-none-eabi/7.3.1/../../../../arm-none-eabi/lib/thumb/v7-m\libc_nano.a(lib_a-memcpy-stub.o)
 .ARM.attributes
                0x0000000000000514       0x2d c:/st/stm32cubeide_1.5.0/stm32cubeide/plugins/com.st.stm32cube.ide.mcu.externaltools.gnu-tools-for-stm32.7-2018-q2-update.win32_1.5.0.202011040924/tools/bin/../lib/gcc/arm-none-eabi/7.3.1/../../../../arm-none-eabi/lib/thumb/v7-m\libc_nano.a(lib_a-memmove.o)
 .ARM.attributes
                0x0000000000000541       0x2d c:/st/stm32cubeide_1.5.0/stm32cubeide/plugins/com.st.stm32cube.ide.mcu.externaltools.gnu-tools-for-stm32.7-2018-q2-update.win32_1.5.0.202011040924/tools/bin/../lib/gcc/arm-none-eabi/7.3.1/../../../../arm-none-eabi/lib/thumb/v7-m\libc_nano.a(lib_a-nano-freer.o)
 .ARM.attributes
                0x000000000000056e       0x2d c:/st/stm32cubeide_1.5.0/stm32cubeide/plugins/com.st.stm32cube.ide.mcu.externaltools.gnu-tools-for-stm32.7-2018-q2-update.win32_1.5.0.202011040924/tools/bin/../lib/gcc/arm-none-eabi/7.3.1/../../../../arm-none-eabi/lib/thumb/v7-m\libc_nano.a(lib_a-nano-mallocr.o)
 .ARM.attributes
                0x000000000000059b       0x2d c:/st/stm32cubeide_1.5.0/stm32cubeide/plugins/com.st.stm32cube.ide.mcu.externaltools.gnu-tools-for-stm32.7-2018-q2-update.win32_1.5.0.202011040924/tools/bin/../lib/gcc/arm-none-eabi/7.3.1/../../../../arm-none-eabi/lib/thumb/v7-m\libc_nano.a(lib_a-nano-reallocr.o)
 .ARM.attributes
                0x00000000000005c8       0x2d c:/st/stm32cubeide_1.5.0/stm32cubeide/plugins/com.st.stm32cube.ide.mcu.externaltools.gnu-tools-for-stm32.7-2018-q2-update.win32_1.5.0.202011040924/tools/bin/../lib/gcc/arm-none-eabi/7.3.1/../../../../arm-none-eabi/lib/thumb/v7-m\libc_nano.a(lib_a-sbrkr.o)
 .ARM.attributes
                0x00000000000005f5       0x2d c:/st/stm32cubeide_1.5.0/stm32cubeide/plugins/com.st.stm32cube.ide.mcu.externaltools.gnu-tools-for-stm32.7-2018-q2-update.win32_1.5.0.202011040924/tools/bin/../lib/gcc/arm-none-eabi/7.3.1/../../../../arm-none-eabi/lib/thumb/v7-m\libc_nano.a(lib_a-mlock.o)
 .ARM.attributes
                0x0000000000000622       0x2d c:/st/stm32cubeide_1.5.0/stm32cubeide/plugins/com.st.stm32cube.ide.mcu.externaltools.gnu-tools-for-stm32.7-2018-q2-update.win32_1.5.0.202011040924/tools/bin/../lib/gcc/arm-none-eabi/7.3.1/../../../../arm-none-eabi/lib/thumb/v7-m\libc_nano.a(lib_a-nano-msizer.o)
 .ARM.attributes
                0x000000000000064f       0x2d c:/st/stm32cubeide_1.5.0/stm32cubeide/plugins/com.st.stm32cube.ide.mcu.externaltools.gnu-tools-for-stm32.7-2018-q2-update.win32_1.5.0.202011040924/tools/bin/../lib/gcc/arm-none-eabi/7.3.1/../../../../arm-none-eabi/lib/thumb/v7-m\libc_nano.a(lib_a-reent.o)
 .ARM.attributes
                0x000000000000067c       0x1d c:/st/stm32cubeide_1.5.0/stm32cubeide/plugins/com.st.stm32cube.ide.mcu.externaltools.gnu-tools-for-stm32.7-2018-q2-update.win32_1.5.0.202011040924/tools/bin/../lib/gcc/arm-none-eabi/7.3.1/thumb/v7-m/crtn.o
OUTPUT(LCD.elf elf32-littlearm)

.debug_info     0x0000000000000000     0x9758
 .debug_info    0x0000000000000000      0x379 Core/Src/gpio.o
 .debug_info    0x0000000000000379      0x842 Core/Src/i2c.o
 .debug_info    0x0000000000000bbb      0xb61 Core/Src/main.o
 .debug_info    0x000000000000171c      0x2d6 Core/Src/stm32f1xx_hal_msp.o
 .debug_info    0x00000000000019f2      0x20a Core/Src/stm32f1xx_it.o
 .debug_info    0x0000000000001bfc      0x985 Core/Src/sysmem.o
 .debug_info    0x0000000000002581      0x29a Core/Src/system_stm32f1xx.o
 .debug_info    0x000000000000281b       0x22 Core/Startup/startup_stm32f103c8tx.o
 .debug_info    0x000000000000283d      0x714 Drivers/STM32F1xx_HAL_Driver/Src/stm32f1xx_hal.o
 .debug_info    0x0000000000002f51      0xb51 Drivers/STM32F1xx_HAL_Driver/Src/stm32f1xx_hal_cortex.o
 .debug_info    0x0000000000003aa2      0x69b Drivers/STM32F1xx_HAL_Driver/Src/stm32f1xx_hal_gpio.o
 .debug_info    0x000000000000413d     0x2555 Drivers/STM32F1xx_HAL_Driver/Src/stm32f1xx_hal_i2c.o
 .debug_info    0x0000000000006692      0x80f Drivers/STM32F1xx_HAL_Driver/Src/stm32f1xx_hal_rcc.o
 .debug_info    0x0000000000006ea1      0x500 LCD/LCD/lcd.o
 .debug_info    0x00000000000073a1     0x106a LCD/LCD_GPIO/lcd_gpio.o
 .debug_info    0x000000000000840b     0x134d LCD/LCD_I2C/lcd_i2c.o

.debug_abbrev   0x0000000000000000     0x1a13
 .debug_abbrev  0x0000000000000000      0x134 Core/Src/gpio.o
 .debug_abbrev  0x0000000000000134      0x199 Core/Src/i2c.o
 .debug_abbrev  0x00000000000002cd      0x1bf Core/Src/main.o
 .debug_abbrev  0x000000000000048c      0x109 Core/Src/stm32f1xx_hal_msp.o
 .debug_abbrev  0x0000000000000595       0xc6 Core/Src/stm32f1xx_it.o
 .debug_abbrev  0x000000000000065b      0x19b Core/Src/sysmem.o
 .debug_abbrev  0x00000000000007f6      0x134 Core/Src/system_stm32f1xx.o
 .debug_abbrev  0x000000000000092a       0x12 Core/Startup/startup_stm32f103c8tx.o
 .debug_abbrev  0x000000000000093c      0x1c7 Drivers/STM32F1xx_HAL_Driver/Src/stm32f1xx_hal.o
 .debug_abbrev  0x0000000000000b03      0x2d5 Drivers/STM32F1xx_HAL_Driver/Src/stm32f1xx_hal_cortex.o
 .debug_abbrev  0x0000000000000dd8      0x1c0 Drivers/STM32F1xx_HAL_Driver/Src/stm32f1xx_hal_gpio.o
 .debug_abbrev  0x0000000000000f98      0x258 Drivers/STM32F1xx_HAL_Driver/Src/stm32f1xx_hal_i2c.o
 .debug_abbrev  0x00000000000011f0      0x243 Drivers/STM32F1xx_HAL_Driver/Src/stm32f1xx_hal_rcc.o
 .debug_abbrev  0x0000000000001433      0x153 LCD/LCD/lcd.o
 .debug_abbrev  0x0000000000001586      0x276 LCD/LCD_GPIO/lcd_gpio.o
 .debug_abbrev  0x00000000000017fc      0x217 LCD/LCD_I2C/lcd_i2c.o

.debug_aranges  0x0000000000000000      0x820
 .debug_aranges
                0x0000000000000000       0x20 Core/Src/gpio.o
 .debug_aranges
                0x0000000000000020       0x30 Core/Src/i2c.o
 .debug_aranges
                0x0000000000000050       0x30 Core/Src/main.o
 .debug_aranges
                0x0000000000000080       0x20 Core/Src/stm32f1xx_hal_msp.o
 .debug_aranges
                0x00000000000000a0       0x60 Core/Src/stm32f1xx_it.o
 .debug_aranges
                0x0000000000000100       0x20 Core/Src/sysmem.o
 .debug_aranges
                0x0000000000000120       0x28 Core/Src/system_stm32f1xx.o
 .debug_aranges
                0x0000000000000148       0x28 Core/Startup/startup_stm32f103c8tx.o
 .debug_aranges
                0x0000000000000170       0xe0 Drivers/STM32F1xx_HAL_Driver/Src/stm32f1xx_hal.o
 .debug_aranges
                0x0000000000000250      0x100 Drivers/STM32F1xx_HAL_Driver/Src/stm32f1xx_hal_cortex.o
 .debug_aranges
                0x0000000000000350       0x58 Drivers/STM32F1xx_HAL_Driver/Src/stm32f1xx_hal_gpio.o
 .debug_aranges
                0x00000000000003a8      0x2a0 Drivers/STM32F1xx_HAL_Driver/Src/stm32f1xx_hal_i2c.o
 .debug_aranges
                0x0000000000000648       0x90 Drivers/STM32F1xx_HAL_Driver/Src/stm32f1xx_hal_rcc.o
 .debug_aranges
                0x00000000000006d8       0x68 LCD/LCD/lcd.o
 .debug_aranges
                0x0000000000000740       0x78 LCD/LCD_GPIO/lcd_gpio.o
 .debug_aranges
                0x00000000000007b8       0x68 LCD/LCD_I2C/lcd_i2c.o

.debug_ranges   0x0000000000000000      0x750
 .debug_ranges  0x0000000000000000       0x10 Core/Src/gpio.o
 .debug_ranges  0x0000000000000010       0x20 Core/Src/i2c.o
 .debug_ranges  0x0000000000000030       0x20 Core/Src/main.o
 .debug_ranges  0x0000000000000050       0x10 Core/Src/stm32f1xx_hal_msp.o
 .debug_ranges  0x0000000000000060       0x50 Core/Src/stm32f1xx_it.o
 .debug_ranges  0x00000000000000b0       0x10 Core/Src/sysmem.o
 .debug_ranges  0x00000000000000c0       0x18 Core/Src/system_stm32f1xx.o
 .debug_ranges  0x00000000000000d8       0x20 Core/Startup/startup_stm32f103c8tx.o
 .debug_ranges  0x00000000000000f8       0xd0 Drivers/STM32F1xx_HAL_Driver/Src/stm32f1xx_hal.o
 .debug_ranges  0x00000000000001c8       0xf0 Drivers/STM32F1xx_HAL_Driver/Src/stm32f1xx_hal_cortex.o
 .debug_ranges  0x00000000000002b8       0x48 Drivers/STM32F1xx_HAL_Driver/Src/stm32f1xx_hal_gpio.o
 .debug_ranges  0x0000000000000300      0x2b8 Drivers/STM32F1xx_HAL_Driver/Src/stm32f1xx_hal_i2c.o
 .debug_ranges  0x00000000000005b8       0x80 Drivers/STM32F1xx_HAL_Driver/Src/stm32f1xx_hal_rcc.o
 .debug_ranges  0x0000000000000638       0x58 LCD/LCD/lcd.o
 .debug_ranges  0x0000000000000690       0x68 LCD/LCD_GPIO/lcd_gpio.o
 .debug_ranges  0x00000000000006f8       0x58 LCD/LCD_I2C/lcd_i2c.o

.debug_macro    0x0000000000000000    0x173cd
 .debug_macro   0x0000000000000000      0x1a7 Core/Src/gpio.o
 .debug_macro   0x00000000000001a7      0xa5a Core/Src/gpio.o
 .debug_macro   0x0000000000000c01      0x215 Core/Src/gpio.o
 .debug_macro   0x0000000000000e16       0x2e Core/Src/gpio.o
 .debug_macro   0x0000000000000e44       0x22 Core/Src/gpio.o
 .debug_macro   0x0000000000000e66       0x22 Core/Src/gpio.o
 .debug_macro   0x0000000000000e88       0x8e Core/Src/gpio.o
 .debug_macro   0x0000000000000f16       0x51 Core/Src/gpio.o
 .debug_macro   0x0000000000000f67       0xef Core/Src/gpio.o
 .debug_macro   0x0000000000001056       0x6a Core/Src/gpio.o
 .debug_macro   0x00000000000010c0      0x1df Core/Src/gpio.o
 .debug_macro   0x000000000000129f       0x1c Core/Src/gpio.o
 .debug_macro   0x00000000000012bb       0x22 Core/Src/gpio.o
 .debug_macro   0x00000000000012dd       0xc3 Core/Src/gpio.o
 .debug_macro   0x00000000000013a0      0xd23 Core/Src/gpio.o
 .debug_macro   0x00000000000020c3     0xe097 Core/Src/gpio.o
 .debug_macro   0x000000000001015a       0x43 Core/Src/gpio.o
 .debug_macro   0x000000000001019d     0x3468 Core/Src/gpio.o
 .debug_macro   0x0000000000013605      0x174 Core/Src/gpio.o
 .debug_macro   0x0000000000013779       0x5c Core/Src/gpio.o
 .debug_macro   0x00000000000137d5      0x5be Core/Src/gpio.o
 .debug_macro   0x0000000000013d93      0x289 Core/Src/gpio.o
 .debug_macro   0x000000000001401c      0x1cb Core/Src/gpio.o
 .debug_macro   0x00000000000141e7      0x114 Core/Src/gpio.o
 .debug_macro   0x00000000000142fb      0x1b2 Core/Src/gpio.o
 .debug_macro   0x00000000000144ad       0x27 Core/Src/gpio.o
 .debug_macro   0x00000000000144d4      0x136 Core/Src/gpio.o
 .debug_macro   0x000000000001460a      0x1bc Core/Src/gpio.o
 .debug_macro   0x00000000000147c6       0x34 Core/Src/gpio.o
 .debug_macro   0x00000000000147fa       0x3c Core/Src/gpio.o
 .debug_macro   0x0000000000014836       0x57 Core/Src/gpio.o
 .debug_macro   0x000000000001488d       0x88 Core/Src/gpio.o
 .debug_macro   0x0000000000014915      0x241 Core/Src/gpio.o
 .debug_macro   0x0000000000014b56      0x287 Core/Src/gpio.o
 .debug_macro   0x0000000000014ddd      0x141 Core/Src/gpio.o
 .debug_macro   0x0000000000014f1e       0x83 Core/Src/gpio.o
 .debug_macro   0x0000000000014fa1       0xac Core/Src/gpio.o
 .debug_macro   0x000000000001504d      0x1a7 Core/Src/i2c.o
 .debug_macro   0x00000000000151f4      0x1d0 Core/Src/main.o
 .debug_macro   0x00000000000153c4       0xd0 Core/Src/main.o
 .debug_macro   0x0000000000015494       0x2e Core/Src/main.o
 .debug_macro   0x00000000000154c2       0x4c Core/Src/main.o
 .debug_macro   0x000000000001550e      0x19d Core/Src/stm32f1xx_hal_msp.o
 .debug_macro   0x00000000000156ab      0x1a7 Core/Src/stm32f1xx_it.o
 .debug_macro   0x0000000000015852       0xee Core/Src/sysmem.o
 .debug_macro   0x0000000000015940      0x23b Core/Src/sysmem.o
 .debug_macro   0x0000000000015b7b      0x18e Core/Src/system_stm32f1xx.o
 .debug_macro   0x0000000000015d09      0x1b2 Drivers/STM32F1xx_HAL_Driver/Src/stm32f1xx_hal.o
 .debug_macro   0x0000000000015ebb      0x18e Drivers/STM32F1xx_HAL_Driver/Src/stm32f1xx_hal_cortex.o
 .debug_macro   0x0000000000016049      0x1f9 Drivers/STM32F1xx_HAL_Driver/Src/stm32f1xx_hal_gpio.o
 .debug_macro   0x0000000000016242      0x1d5 Drivers/STM32F1xx_HAL_Driver/Src/stm32f1xx_hal_i2c.o
 .debug_macro   0x0000000000016417      0x1a0 Drivers/STM32F1xx_HAL_Driver/Src/stm32f1xx_hal_rcc.o
 .debug_macro   0x00000000000165b7      0x19d LCD/LCD/lcd.o
 .debug_macro   0x0000000000016754       0xca LCD/LCD/lcd.o
 .debug_macro   0x000000000001681e      0x379 LCD/LCD_GPIO/lcd_gpio.o
 .debug_macro   0x0000000000016b97       0x28 LCD/LCD_GPIO/lcd_gpio.o
 .debug_macro   0x0000000000016bbf       0xb2 LCD/LCD_GPIO/lcd_gpio.o
 .debug_macro   0x0000000000016c71       0x46 LCD/LCD_GPIO/lcd_gpio.o
 .debug_macro   0x0000000000016cb7      0x32a LCD/LCD_GPIO/lcd_gpio.o
 .debug_macro   0x0000000000016fe1       0x10 LCD/LCD_GPIO/lcd_gpio.o
 .debug_macro   0x0000000000016ff1       0x20 LCD/LCD_GPIO/lcd_gpio.o
 .debug_macro   0x0000000000017011      0x360 LCD/LCD_I2C/lcd_i2c.o
 .debug_macro   0x0000000000017371       0x46 LCD/LCD_I2C/lcd_i2c.o
 .debug_macro   0x00000000000173b7       0x16 LCD/LCD_I2C/lcd_i2c.o

.debug_line     0x0000000000000000     0x85b9
 .debug_line    0x0000000000000000      0x656 Core/Src/gpio.o
 .debug_line    0x0000000000000656      0x675 Core/Src/i2c.o
 .debug_line    0x0000000000000ccb      0x79c Core/Src/main.o
 .debug_line    0x0000000000001467      0x646 Core/Src/stm32f1xx_hal_msp.o
 .debug_line    0x0000000000001aad      0x6ed Core/Src/stm32f1xx_it.o
 .debug_line    0x000000000000219a      0x4c7 Core/Src/sysmem.o
 .debug_line    0x0000000000002661      0x66d Core/Src/system_stm32f1xx.o
 .debug_line    0x0000000000002cce       0x84 Core/Startup/startup_stm32f103c8tx.o
 .debug_line    0x0000000000002d52      0x820 Drivers/STM32F1xx_HAL_Driver/Src/stm32f1xx_hal.o
 .debug_line    0x0000000000003572      0x8f7 Drivers/STM32F1xx_HAL_Driver/Src/stm32f1xx_hal_cortex.o
 .debug_line    0x0000000000003e69      0x81c Drivers/STM32F1xx_HAL_Driver/Src/stm32f1xx_hal_gpio.o
 .debug_line    0x0000000000004685     0x1bc6 Drivers/STM32F1xx_HAL_Driver/Src/stm32f1xx_hal_i2c.o
 .debug_line    0x000000000000624b      0x8e0 Drivers/STM32F1xx_HAL_Driver/Src/stm32f1xx_hal_rcc.o
 .debug_line    0x0000000000006b2b      0x6ce LCD/LCD/lcd.o
 .debug_line    0x00000000000071f9      0xa12 LCD/LCD_GPIO/lcd_gpio.o
 .debug_line    0x0000000000007c0b      0x9ae LCD/LCD_I2C/lcd_i2c.o

.debug_str      0x0000000000000000    0x8313b
 .debug_str     0x0000000000000000    0x7bf70 Core/Src/gpio.o
                                      0x7c2c3 (size before relaxing)
 .debug_str     0x000000000007bf70      0x466 Core/Src/i2c.o
                                      0x7c74e (size before relaxing)
 .debug_str     0x000000000007c3d6      0x99f Core/Src/main.o
                                      0x7d047 (size before relaxing)
 .debug_str     0x000000000007cd75       0x5a Core/Src/stm32f1xx_hal_msp.o
                                      0x7c279 (size before relaxing)
 .debug_str     0x000000000007cdcf       0xbd Core/Src/stm32f1xx_it.o
                                      0x7c296 (size before relaxing)
 .debug_str     0x000000000007ce8c     0x1fce Core/Src/sysmem.o
                                       0x5f3b (size before relaxing)
 .debug_str     0x000000000007ee5a       0x52 Core/Src/system_stm32f1xx.o
                                      0x7bff0 (size before relaxing)
 .debug_str     0x000000000007eeac       0x36 Core/Startup/startup_stm32f103c8tx.o
                                         0x6b (size before relaxing)
 .debug_str     0x000000000007eee2      0x568 Drivers/STM32F1xx_HAL_Driver/Src/stm32f1xx_hal.o
                                      0x7c681 (size before relaxing)
 .debug_str     0x000000000007f44a      0x300 Drivers/STM32F1xx_HAL_Driver/Src/stm32f1xx_hal_cortex.o
                                      0x7c689 (size before relaxing)
 .debug_str     0x000000000007f74a      0x324 Drivers/STM32F1xx_HAL_Driver/Src/stm32f1xx_hal_gpio.o
                                      0x7c3b4 (size before relaxing)
 .debug_str     0x000000000007fa6e      0xb51 Drivers/STM32F1xx_HAL_Driver/Src/stm32f1xx_hal_i2c.o
                                      0x7d02c (size before relaxing)
 .debug_str     0x00000000000805bf      0x23f Drivers/STM32F1xx_HAL_Driver/Src/stm32f1xx_hal_rcc.o
                                      0x7c3ed (size before relaxing)
 .debug_str     0x00000000000807fe       0x40 LCD/LCD/lcd.o
                                      0x7c446 (size before relaxing)
 .debug_str     0x000000000008083e     0x280a LCD/LCD_GPIO/lcd_gpio.o
                                      0x80c20 (size before relaxing)
 .debug_str     0x0000000000083048       0xf3 LCD/LCD_I2C/lcd_i2c.o
                                      0x80e01 (size before relaxing)

.comment        0x0000000000000000       0x7b
 .comment       0x0000000000000000       0x7b Core/Src/gpio.o
                                         0x7c (size before relaxing)
 .comment       0x000000000000007b       0x7c Core/Src/i2c.o
 .comment       0x000000000000007b       0x7c Core/Src/main.o
 .comment       0x000000000000007b       0x7c Core/Src/stm32f1xx_hal_msp.o
 .comment       0x000000000000007b       0x7c Core/Src/stm32f1xx_it.o
 .comment       0x000000000000007b       0x7c Core/Src/sysmem.o
 .comment       0x000000000000007b       0x7c Core/Src/system_stm32f1xx.o
 .comment       0x000000000000007b       0x7c Drivers/STM32F1xx_HAL_Driver/Src/stm32f1xx_hal.o
 .comment       0x000000000000007b       0x7c Drivers/STM32F1xx_HAL_Driver/Src/stm32f1xx_hal_cortex.o
 .comment       0x000000000000007b       0x7c Drivers/STM32F1xx_HAL_Driver/Src/stm32f1xx_hal_gpio.o
 .comment       0x000000000000007b       0x7c Drivers/STM32F1xx_HAL_Driver/Src/stm32f1xx_hal_i2c.o
 .comment       0x000000000000007b       0x7c Drivers/STM32F1xx_HAL_Driver/Src/stm32f1xx_hal_rcc.o
 .comment       0x000000000000007b       0x7c LCD/LCD/lcd.o
 .comment       0x000000000000007b       0x7c LCD/LCD_GPIO/lcd_gpio.o
 .comment       0x000000000000007b       0x7c LCD/LCD_I2C/lcd_i2c.o

.debug_frame    0x0000000000000000     0x2278
 .debug_frame   0x0000000000000000       0x34 Core/Src/gpio.o
 .debug_frame   0x0000000000000034       0x74 Core/Src/i2c.o
 .debug_frame   0x00000000000000a8       0x74 Core/Src/main.o
 .debug_frame   0x000000000000011c       0x38 Core/Src/stm32f1xx_hal_msp.o
 .debug_frame   0x0000000000000154      0x104 Core/Src/stm32f1xx_it.o
 .debug_frame   0x0000000000000258       0x34 Core/Src/sysmem.o
 .debug_frame   0x000000000000028c       0x58 Core/Src/system_stm32f1xx.o
 .debug_frame   0x00000000000002e4      0x334 Drivers/STM32F1xx_HAL_Driver/Src/stm32f1xx_hal.o
 .debug_frame   0x0000000000000618      0x428 Drivers/STM32F1xx_HAL_Driver/Src/stm32f1xx_hal_cortex.o
 .debug_frame   0x0000000000000a40      0x14c Drivers/STM32F1xx_HAL_Driver/Src/stm32f1xx_hal_gpio.o
 .debug_frame   0x0000000000000b8c      0xc54 Drivers/STM32F1xx_HAL_Driver/Src/stm32f1xx_hal_i2c.o
 .debug_frame   0x00000000000017e0      0x21c Drivers/STM32F1xx_HAL_Driver/Src/stm32f1xx_hal_rcc.o
 .debug_frame   0x00000000000019fc      0x17c LCD/LCD/lcd.o
 .debug_frame   0x0000000000001b78      0x1d0 LCD/LCD_GPIO/lcd_gpio.o
 .debug_frame   0x0000000000001d48      0x178 LCD/LCD_I2C/lcd_i2c.o
 .debug_frame   0x0000000000001ec0       0x20 c:/st/stm32cubeide_1.5.0/stm32cubeide/plugins/com.st.stm32cube.ide.mcu.externaltools.gnu-tools-for-stm32.7-2018-q2-update.win32_1.5.0.202011040924/tools/bin/../lib/gcc/arm-none-eabi/7.3.1/../../../../arm-none-eabi/lib/thumb/v7-m\libc_nano.a(lib_a-errno.o)
 .debug_frame   0x0000000000001ee0       0x2c c:/st/stm32cubeide_1.5.0/stm32cubeide/plugins/com.st.stm32cube.ide.mcu.externaltools.gnu-tools-for-stm32.7-2018-q2-update.win32_1.5.0.202011040924/tools/bin/../lib/gcc/arm-none-eabi/7.3.1/../../../../arm-none-eabi/lib/thumb/v7-m\libc_nano.a(lib_a-init.o)
 .debug_frame   0x0000000000001f0c       0x20 c:/st/stm32cubeide_1.5.0/stm32cubeide/plugins/com.st.stm32cube.ide.mcu.externaltools.gnu-tools-for-stm32.7-2018-q2-update.win32_1.5.0.202011040924/tools/bin/../lib/gcc/arm-none-eabi/7.3.1/../../../../arm-none-eabi/lib/thumb/v7-m\libc_nano.a(lib_a-memset.o)
 .debug_frame   0x0000000000001f2c       0x6c c:/st/stm32cubeide_1.5.0/stm32cubeide/plugins/com.st.stm32cube.ide.mcu.externaltools.gnu-tools-for-stm32.7-2018-q2-update.win32_1.5.0.202011040924/tools/bin/../lib/gcc/arm-none-eabi/7.3.1/../../../../arm-none-eabi/lib/thumb/v7-m\libc_nano.a(lib_a-sprintf.o)
 .debug_frame   0x0000000000001f98       0x90 c:/st/stm32cubeide_1.5.0/stm32cubeide/plugins/com.st.stm32cube.ide.mcu.externaltools.gnu-tools-for-stm32.7-2018-q2-update.win32_1.5.0.202011040924/tools/bin/../lib/gcc/arm-none-eabi/7.3.1/../../../../arm-none-eabi/lib/thumb/v7-m\libc_nano.a(lib_a-nano-svfprintf.o)
 .debug_frame   0x0000000000002028       0x60 c:/st/stm32cubeide_1.5.0/stm32cubeide/plugins/com.st.stm32cube.ide.mcu.externaltools.gnu-tools-for-stm32.7-2018-q2-update.win32_1.5.0.202011040924/tools/bin/../lib/gcc/arm-none-eabi/7.3.1/../../../../arm-none-eabi/lib/thumb/v7-m\libc_nano.a(lib_a-nano-vfprintf_i.o)
 .debug_frame   0x0000000000002088       0x28 c:/st/stm32cubeide_1.5.0/stm32cubeide/plugins/com.st.stm32cube.ide.mcu.externaltools.gnu-tools-for-stm32.7-2018-q2-update.win32_1.5.0.202011040924/tools/bin/../lib/gcc/arm-none-eabi/7.3.1/../../../../arm-none-eabi/lib/thumb/v7-m\libc_nano.a(lib_a-memchr-stub.o)
 .debug_frame   0x00000000000020b0       0x28 c:/st/stm32cubeide_1.5.0/stm32cubeide/plugins/com.st.stm32cube.ide.mcu.externaltools.gnu-tools-for-stm32.7-2018-q2-update.win32_1.5.0.202011040924/tools/bin/../lib/gcc/arm-none-eabi/7.3.1/../../../../arm-none-eabi/lib/thumb/v7-m\libc_nano.a(lib_a-memcpy-stub.o)
 .debug_frame   0x00000000000020d8       0x28 c:/st/stm32cubeide_1.5.0/stm32cubeide/plugins/com.st.stm32cube.ide.mcu.externaltools.gnu-tools-for-stm32.7-2018-q2-update.win32_1.5.0.202011040924/tools/bin/../lib/gcc/arm-none-eabi/7.3.1/../../../../arm-none-eabi/lib/thumb/v7-m\libc_nano.a(lib_a-memmove.o)
 .debug_frame   0x0000000000002100       0x38 c:/st/stm32cubeide_1.5.0/stm32cubeide/plugins/com.st.stm32cube.ide.mcu.externaltools.gnu-tools-for-stm32.7-2018-q2-update.win32_1.5.0.202011040924/tools/bin/../lib/gcc/arm-none-eabi/7.3.1/../../../../arm-none-eabi/lib/thumb/v7-m\libc_nano.a(lib_a-nano-freer.o)
 .debug_frame   0x0000000000002138       0x2c c:/st/stm32cubeide_1.5.0/stm32cubeide/plugins/com.st.stm32cube.ide.mcu.externaltools.gnu-tools-for-stm32.7-2018-q2-update.win32_1.5.0.202011040924/tools/bin/../lib/gcc/arm-none-eabi/7.3.1/../../../../arm-none-eabi/lib/thumb/v7-m\libc_nano.a(lib_a-nano-mallocr.o)
 .debug_frame   0x0000000000002164       0x3c c:/st/stm32cubeide_1.5.0/stm32cubeide/plugins/com.st.stm32cube.ide.mcu.externaltools.gnu-tools-for-stm32.7-2018-q2-update.win32_1.5.0.202011040924/tools/bin/../lib/gcc/arm-none-eabi/7.3.1/../../../../arm-none-eabi/lib/thumb/v7-m\libc_nano.a(lib_a-nano-reallocr.o)
 .debug_frame   0x00000000000021a0       0x2c c:/st/stm32cubeide_1.5.0/stm32cubeide/plugins/com.st.stm32cube.ide.mcu.externaltools.gnu-tools-for-stm32.7-2018-q2-update.win32_1.5.0.202011040924/tools/bin/../lib/gcc/arm-none-eabi/7.3.1/../../../../arm-none-eabi/lib/thumb/v7-m\libc_nano.a(lib_a-sbrkr.o)
 .debug_frame   0x00000000000021cc       0x30 c:/st/stm32cubeide_1.5.0/stm32cubeide/plugins/com.st.stm32cube.ide.mcu.externaltools.gnu-tools-for-stm32.7-2018-q2-update.win32_1.5.0.202011040924/tools/bin/../lib/gcc/arm-none-eabi/7.3.1/../../../../arm-none-eabi/lib/thumb/v7-m\libc_nano.a(lib_a-mlock.o)
 .debug_frame   0x00000000000021fc       0x20 c:/st/stm32cubeide_1.5.0/stm32cubeide/plugins/com.st.stm32cube.ide.mcu.externaltools.gnu-tools-for-stm32.7-2018-q2-update.win32_1.5.0.202011040924/tools/bin/../lib/gcc/arm-none-eabi/7.3.1/../../../../arm-none-eabi/lib/thumb/v7-m\libc_nano.a(lib_a-nano-msizer.o)
 .debug_frame   0x000000000000221c       0x5c c:/st/stm32cubeide_1.5.0/stm32cubeide/plugins/com.st.stm32cube.ide.mcu.externaltools.gnu-tools-for-stm32.7-2018-q2-update.win32_1.5.0.202011040924/tools/bin/../lib/gcc/arm-none-eabi/7.3.1/../../../../arm-none-eabi/lib/thumb/v7-m\libc_nano.a(lib_a-reent.o)
